// Jest Snapshot v1, https://goo.gl/fbAQLP

exports[`EmptyCourse Component snapshot 1`] = `
<section
  className="sc-bczRLJ dGymdG"
>
  <img
    alt="빈 코스"
    src="https://urclass.codestates.com/static/media/img-empty-content.55f563d7.png"
  />
  <h1>
    코스가 비어있습니다.
  </h1>
  <p>
    자세한 코스 정보는 마이페이지를 확인해주세요.
  </p>
</section>
`;
